
  .   ____          _            __ _ _
 /\\ / ___'_ __ _ _(_)_ __  __ _ \ \ \ \
( ( )\___ | '_ | '_| | '_ \/ _` | \ \ \ \
 \\/  ___)| |_)| | | | | || (_| |  ) ) ) )
  '  |____| .__|_| |_|_| |_\__, | / / / /
 =========|_|==============|___/=/_/_/_/

 :: Spring Boot ::                (v3.4.3)

2026-09-27T13:14:14.746+05:30  INFO 12440 --- [           main] com.nutriverify.NutriVerifyApplication   : Starting NutriVerifyApplication v1.0-SNAPSHOT using Java 26.0.1 with PID 12440 (C:\Users\dhurg\Desktop\NutriVerify\target\nutriverify-1.0-SNAPSHOT.jar started by dhurg in C:\Users\dhurg\Desktop\NutriVerify)
2026-09-27T13:14:14.752+05:30  INFO 12440 --- [           main] com.nutriverify.NutriVerifyApplication   : No active profile set, falling back to 1 default profile: "default"
2026-09-27T13:14:16.349+05:30  INFO 12440 --- [           main] .s.d.r.c.RepositoryConfigurationDelegate : Bootstrapping Spring Data JPA repositories in DEFAULT mode.
2026-09-27T13:14:16.526+05:30  INFO 12440 --- [           main] .s.d.r.c.RepositoryConfigurationDelegate : Finished Spring Data repository scanning in 137 ms. Found 4 JPA repository interfaces.
2026-09-27T13:14:18.733+05:30  INFO 12440 --- [           main] o.s.b.w.embedded.tomcat.TomcatWebServer  : Tomcat initialized with port 8080 (http)
2026-09-27T13:14:18.773+05:30  INFO 12440 --- [           main] o.apache.catalina.core.StandardService   : Starting service [Tomcat]
2026-09-27T13:14:18.773+05:30  INFO 12440 --- [           main] o.apache.catalina.core.StandardEngine    : Starting Servlet engine: [Apache Tomcat/10.1.36]
2026-09-27T13:14:18.884+05:30  INFO 12440 --- [           main] o.a.c.c.C.[Tomcat].[localhost].[/]       : Initializing Spring embedded WebApplicationContext
2026-09-27T13:14:18.886+05:30  INFO 12440 --- [           main] w.s.c.ServletWebServerApplicationContext : Root WebApplicationContext: initialization completed in 3980 ms
2026-09-27T13:14:19.327+05:30  INFO 12440 --- [           main] o.hibernate.jpa.internal.util.LogHelper  : HHH000204: Processing PersistenceUnitInfo [name: default]
2026-09-27T13:14:19.534+05:30  INFO 12440 --- [           main] org.hibernate.Version                    : HHH000412: Hibernate ORM core version 6.6.8.Final
2026-09-27T13:14:19.657+05:30  INFO 12440 --- [           main] o.h.c.internal.RegionFactoryInitiator    : HHH000026: Second-level cache disabled
2026-09-27T13:14:20.605+05:30  INFO 12440 --- [           main] o.s.o.j.p.SpringPersistenceUnitInfo      : No LoadTimeWeaver setup: ignoring JPA class transformer
2026-09-27T13:14:20.705+05:30  INFO 12440 --- [           main] com.zaxxer.hikari.HikariDataSource       : HikariPool-1 - Starting...
2026-09-27T13:14:21.217+05:30  INFO 12440 --- [           main] com.zaxxer.hikari.pool.HikariPool        : HikariPool-1 - Added connection conn0: url=jdbc:h2:mem:nutriverifydb user=SA
2026-09-27T13:14:21.219+05:30  INFO 12440 --- [           main] com.zaxxer.hikari.HikariDataSource       : HikariPool-1 - Start completed.
2026-09-27T13:14:21.287+05:30  WARN 12440 --- [           main] org.hibernate.orm.deprecation            : HHH90000025: H2Dialect does not need to be specified explicitly using 'hibernate.dialect' (remove the property setting and it will be selected by default)
2026-09-27T13:14:21.350+05:30  INFO 12440 --- [           main] org.hibernate.orm.connections.pooling    : HHH10001005: Database info:
	Database JDBC URL [Connecting through datasource 'HikariDataSource (HikariPool-1)']
	Database driver: undefined/unknown
	Database version: 2.3.232
	Autocommit mode: undefined/unknown
	Isolation level: undefined/unknown
	Minimum pool size: undefined/unknown
	Maximum pool size: undefined/unknown
2026-09-27T13:14:23.833+05:30  INFO 12440 --- [           main] o.h.e.t.j.p.i.JtaPlatformInitiator       : HHH000489: No JTA platform available (set 'hibernate.transaction.jta.platform' to enable JTA platform integration)
2026-09-27T13:14:24.018+05:30  INFO 12440 --- [           main] j.LocalContainerEntityManagerFactoryBean : Initialized JPA EntityManagerFactory for persistence unit 'default'
2026-09-27T13:14:25.446+05:30  WARN 12440 --- [           main] JpaBaseConfiguration$JpaWebConfiguration : spring.jpa.open-in-view is enabled by default. Therefore, database queries may be performed during view rendering. Explicitly configure spring.jpa.open-in-view to disable this warning
2026-09-27T13:14:25.513+05:30  INFO 12440 --- [           main] r$InitializeUserDetailsManagerConfigurer : Global AuthenticationManager configured with UserDetailsService bean with name jwtUserDetailsService
2026-09-27T13:14:26.863+05:30  INFO 12440 --- [           main] o.s.b.a.h2.H2ConsoleAutoConfiguration    : H2 console available at '/h2-console'. Database available at 'jdbc:h2:mem:nutriverifydb'
2026-09-27T13:14:27.093+05:30  INFO 12440 --- [           main] o.s.b.w.embedded.tomcat.TomcatWebServer  : Tomcat started on port 8080 (http) with context path '/'
2026-09-27T13:14:27.145+05:30  INFO 12440 --- [           main] com.nutriverify.NutriVerifyApplication   : Started NutriVerifyApplication in 13.533 seconds (process running for 14.855)
2026-09-27T13:15:23.638+05:30  INFO 12440 --- [nio-8080-exec-1] o.a.c.c.C.[Tomcat].[localhost].[/]       : Initializing Spring DispatcherServlet 'dispatcherServlet'
2026-09-27T13:15:23.638+05:30  INFO 12440 --- [nio-8080-exec-1] o.s.web.servlet.DispatcherServlet        : Initializing Servlet 'dispatcherServlet'
2026-09-27T13:15:23.638+05:30  INFO 12440 --- [nio-8080-exec-1] o.s.web.servlet.DispatcherServlet        : Completed initialization in 0 ms
